========================================================================================
CASE A -- [13C]-formic acid: one coupling, four parameters
========================================================================================
  truth: J_CH=222.9000, B_nT=1.0000, B_theta_deg=55.0000, T2_s=12.0000

----------------------------------------------------------------------------------------
1. ACCURACY -- one fit started at the prior centre (the best case)
----------------------------------------------------------------------------------------
   parameter       true      start          fit   curvature sigma  error/sigma
        J_CH   222.9000   222.2000    222.90007          0.000577         0.12
        B_nT     1.0000     1.0000      0.98686          0.021670        -0.61
 B_theta_deg    55.0000    45.0000     54.44308          1.032240        -0.54
        T2_s    12.0000    21.5000     12.59774          0.869941         0.69

  J error +0.070 mHz | 3055 evaluations in 0.73 s

----------------------------------------------------------------------------------------
2. STARTING-GUESS DEPENDENCE -- 200 starts drawn from the prior
----------------------------------------------------------------------------------------
    25/200
    50/200
    75/200
    100/200
    125/200
    150/200
